../Src/main.c:58:9:UART_ReadPacket	32	static
../Src/main.c:92:5:main	16	static
../Src/main.c:156:6:SystemClock_Init	4	static
../Src/main.c:177:6:B_LED_Init	4	static
../Src/main.c:187:6:Btn_Init	4	static
../Src/main.c:195:6:TIM3_Delay	24	static
../Src/main.c:214:6:Motor_TIM1_PWM_Init	16	static
../Src/main.c:254:6:Motor_TIM1_PWM_SetDutyCycle	16	static
../Src/main.c:260:6:Servo_TIM2_PWM_Init	16	static
../Src/main.c:295:6:Servo_TIM2_PWM_SetDutyCycle	16	static
../Src/main.c:301:6:Servo_TIM2_PWM_SetAngle	16	static
../Src/main.c:317:6:UART1_Init	4	static
../Src/main.c:337:6:UART1_Send_Char	16	static
../Src/main.c:343:6:UART1_Send_Str	16	static
../Src/main.c:351:6:UART1_Receive_Char	4	static
../Src/main.c:357:6:UART1_Receive_Str	24	static
../Src/main.c:369:6:Motor_Direction_Control_Init	4	static
../Src/main.c:393:6:Motor_Direction_Control	16	static
../Src/main.c:424:6:CK_LED_Blink	8	static
../Src/main.c:430:6:CK_LED_Btn	8	static
../Src/main.c:440:6:CK_Servo	16	static
../Src/main.c:458:6:CK_Car_Servo	24	static
../Src/main.c:483:6:Car_Control	16	static
