../Src/main.c:53:5:main	16	static
../Src/main.c:135:6:SystemClock_Init	4	static
../Src/main.c:156:6:B_LED_Init	4	static
../Src/main.c:166:6:Btn_Init	4	static
../Src/main.c:174:6:TIM3_Delay	24	static
../Src/main.c:193:6:Motor_TIM1_PWM_Init	16	static
../Src/main.c:233:6:Motor_TIM1_PWM_SetDutyCycle	16	static
../Src/main.c:239:6:Servo_TIM2_PWM_Init	16	static
../Src/main.c:274:6:Servo_TIM2_PWM_SetDutyCycle	16	static
../Src/main.c:280:6:Servo_TIM2_PWM_SetAngle	24	static
../Src/main.c:295:6:UART1_Init	4	static
../Src/main.c:315:6:UART1_Send_Char	16	static
../Src/main.c:321:6:UART1_Send_Str	16	static
../Src/main.c:329:6:UART1_Receive_Char	4	static
../Src/main.c:335:6:UART1_Receive_Str	24	static
../Src/main.c:347:6:Motor_Direction_Control_Init	4	static
../Src/main.c:371:6:Motor_Direction_Control	16	static
../Src/main.c:402:6:CK_LED_Blink	8	static
../Src/main.c:408:6:CK_LED_Btn	8	static
../Src/main.c:418:6:CK_Servo	16	static
../Src/main.c:436:6:CK_Car_Servo	24	static
